// Jest Snapshot v1, https://goo.gl/fbAQLP

exports[`TodoList renders and matches our snapshot 1`] = `
<div
  className="TodoList"
>
  <div
    className="NewTodo"
  >
    <input
      onChange={[Function]}
      type="text"
      value=""
    />
        
    <button
      onClick={[Function]}
    >
      Add
    </button>
  </div>
  <div>
    <div
      className="Todo"
    >
      item #1
      <br />
      <button
        className="MarkDone"
        onClick={[Function]}
      >
        Mark as Done
      </button>
      <button
        className="RemoveTodo"
        onClick={[Function]}
      >
        Remove Me
      </button>
    </div>
    <div
      className="Divider"
    >
      <hr />
    </div>
  </div>
  <div>
    <div
      className="Todo"
    >
      item #2
      <br />
      <button
        className="MarkDone"
        onClick={[Function]}
      >
        Mark as Done
      </button>
      <button
        className="RemoveTodo"
        onClick={[Function]}
      >
        Remove Me
      </button>
    </div>
    <div
      className="Divider"
    >
      <hr />
    </div>
  </div>
  <div>
    <div
      className="Todo"
    >
      Item #3
      <br />
      <button
        className="MarkDone"
        onClick={[Function]}
      >
        Mark as Done
      </button>
      <button
        className="RemoveTodo"
        onClick={[Function]}
      >
        Remove Me
      </button>
    </div>
    <div
      className="Divider"
    >
      <hr />
    </div>
  </div>
</div>
`;
