// Jest Snapshot v1, https://goo.gl/fbAQLP

exports[`Todo renders and matches our snapshot 1`] = `
<div
  className="todo"
>
  Yo
  <br />
  <hr
    className="redDivider"
  />
  <button
    className="MarkDone"
    onClick={[Function]}
  >
    Mark as Done
  </button>
  <button
    className="RemoveTodo"
    onClick={[Function]}
  >
    Remove Me
  </button>
  <button
    className="MarkCritical"
    onClick={[Function]}
  >
    Mark as Critical
  </button>
</div>
`;
